Lance ClasseEnseignantMatiereSeeder d'abord.
  Période T1 : OK
  Période T2 : OK
  Période T3 : OK
✓ 0 devoirs créés.
✓ 0 notes créées.
✓ 0 assiduités créées.
✓ 976 paiements créés.
✓ 311 parent(s) mis à jour avec le mot de passe « 12345 » et les informations complémentaires.
✓ 60 enseignant(s) mis à jour avec le mot de passe « 12345 ».
777 photos PNG générées.
✓ 728 chapitres créés (7 niveaux × 12 matières).
Aucune affectation trouvée — lance ClasseEnseignantMatiereSeeder d'abord.
Niveau 6ième introuvable.
Niveau 5ième introuvable.
Niveau 4ième introuvable.
Niveau 3ième introuvable.
✓ 28 volumes horaires créés.
✓ 17 paiements partiels/impayés créés pour le tableau des impayés.
  Reçu [especes] — Hirthe Warren — 50000 FCFA
  Reçu [cheque] — Bailey Joanny — 55000 FCFA
  Reçu [virement] — Kuphal Wilfrid — 65000 FCFA
  Reçu [autre] — Schuppe Darian — 55000 FCFA
✓ 4 paiements représentatifs créés pour tester les reçus PDF.
✓ 44 notifications créées.
✓ 21 événements du calendrier créés.
✓ 43 sanctions créées sur 20 élèves.
