Lance ClasseEnseignantMatiereSeeder d'abord.
  Période T1 : OK
  Période T2 : OK
  Période T3 : OK
✓ 0 devoirs créés.
✓ 0 notes créées.
✓ 0 assiduités créées.
✓ 332 paiements créés.
✓ 99 parent(s) mis à jour avec le mot de passe « 12345 » et les informations complémentaires.
✓ 35 enseignant(s) mis à jour avec le mot de passe « 12345 ».
247 photos PNG générées.
✓ 728 chapitres créés (7 niveaux × 12 matières).
Aucune affectation trouvée — lance ClasseEnseignantMatiereSeeder d'abord.
Niveau 6ième introuvable.
Niveau 5ième introuvable.
Niveau 4ième introuvable.
Niveau 3ième introuvable.
✓ 28 volumes horaires créés.
✓ 18 paiements partiels/impayés créés pour le tableau des impayés.
  Reçu [especes] — Douglas Stacey — 60000 FCFA
  Reçu [cheque] — Connelly Santos — 50000 FCFA
  Reçu [virement] — Fay Alan — 50000 FCFA
  Reçu [autre] — Jenkins Talia — 60000 FCFA
✓ 4 paiements représentatifs créés pour tester les reçus PDF.
✓ 48 notifications créées.
✓ 21 événements du calendrier créés.
✓ 41 sanctions créées sur 20 élèves.
